<?xml version="1.0" encoding="UTF-8"?>
<TestRun id="307dbf68-2307-4c71-ad2b-646cc5169166" name="Rasmus Bauck@BEKK-RASMUSB 2012-05-12 13:33:12" runUser="BEKKNO\Rasmus Bauck" xmlns="http://microsoft.com/schemas/VisualStudio/TeamTest/2010">
  <TestSettings name="Default Test Settings" id="4730176c-b04a-4f2f-a3bf-d4df7e09d099">
    <Deployment runDeploymentRoot="Rasmus Bauck_BEKK-RASMUSB 2012-05-12 13_33_12">
      <DeploymentItem filename="D:\projects\Tipping\Tipping.Domain\bin\Debug\Tipping.Domain.dll" />
      <DeploymentItem filename="D:\projects\Tipping\Tipping\bin\Tipping.dll" />
    </Deployment>
    <Execution>
      <TestTypeSpecific />
      <AgentRule name="Execution Agents">
      </AgentRule>
    </Execution>
  </TestSettings>
  <Times creation="2012-05-12T13:33:12.5113516+02:00" queuing="2012-05-12T13:33:12.7233637+02:00" start="2012-05-12T13:33:12.7303641+02:00" finish="2012-05-12T13:33:13.1643890+02:00" />
  <ResultSummary outcome="Failed">
    <Counters total="8" executed="8" passed="7" error="0" failed="1" timeout="0" aborted="0" inconclusive="0" passedButRunAborted="0" notRunnable="0" notExecuted="0" disconnected="0" warning="0" completed="0" inProgress="0" pending="0" />
  </ResultSummary>
  <TestDefinitions>
    <UnitTest name="About" storage="d:\projects\tipping\tipping.tests\bin\debug\tipping.tests.dll" id="1e0a5c9f-db49-40fd-b0a7-83e6ac61f990">
      <Execution id="9935a632-58b8-404a-920b-69b415316eb7" />
      <TestMethod codeBase="D:/projects/Tipping/Tipping.Tests/bin/Debug/Tipping.Tests.DLL" adapterTypeName="Microsoft.VisualStudio.TestTools.TestTypes.Unit.UnitTestAdapter, Microsoft.VisualStudio.QualityTools.Tips.UnitTest.Adapter, Version=10.0.0.0, Culture=neutral, PublicKeyToken=b03f5f7f11d50a3a" className="Tipping.Tests.Controllers.HomeControllerTest, Tipping.Tests, Version=1.0.0.0, Culture=neutral, PublicKeyToken=null" name="About" />
    </UnitTest>
    <UnitTest name="TipsIkkeLevertSkalAlltidGiNullPoeng" storage="d:\projects\tipping\tipping.tests\bin\debug\tipping.tests.dll" id="6e29a2a4-8a59-9bef-2773-836da5906a7a">
      <Execution id="e13fb2f3-bda6-4599-a320-7d2222129989" />
      <TestMethod codeBase="D:/projects/Tipping/Tipping.Tests/bin/Debug/Tipping.Tests.DLL" adapterTypeName="Microsoft.VisualStudio.TestTools.TestTypes.Unit.UnitTestAdapter, Microsoft.VisualStudio.QualityTools.Tips.UnitTest.Adapter, Version=10.0.0.0, Culture=neutral, PublicKeyToken=b03f5f7f11d50a3a" className="Tipping.Tests.Tipping.Domain.Tests.PoengBeregnerTester, Tipping.Tests, Version=1.0.0.0, Culture=neutral, PublicKeyToken=null" name="TipsIkkeLevertSkalAlltidGiNullPoeng" />
    </UnitTest>
    <UnitTest name="Contact" storage="d:\projects\tipping\tipping.tests\bin\debug\tipping.tests.dll" id="9088ec97-5456-5b2c-c5c6-1f8040b776fc">
      <Execution id="94a54d97-cd32-43a1-997d-4ee89c135008" />
      <TestMethod codeBase="D:/projects/Tipping/Tipping.Tests/bin/Debug/Tipping.Tests.DLL" adapterTypeName="Microsoft.VisualStudio.TestTools.TestTypes.Unit.UnitTestAdapter, Microsoft.VisualStudio.QualityTools.Tips.UnitTest.Adapter, Version=10.0.0.0, Culture=neutral, PublicKeyToken=b03f5f7f11d50a3a" className="Tipping.Tests.Controllers.HomeControllerTest, Tipping.Tests, Version=1.0.0.0, Culture=neutral, PublicKeyToken=null" name="Contact" />
    </UnitTest>
    <UnitTest name="KampIkkeFerdigspiltSkalAlltidGiNullPoeng" storage="d:\projects\tipping\tipping.tests\bin\debug\tipping.tests.dll" id="e4eeb839-924a-d74f-e41f-8b2d7a7e451a">
      <Execution id="5ed9b75d-06f8-4b67-97be-7ed9bf456df2" />
      <TestMethod codeBase="D:/projects/Tipping/Tipping.Tests/bin/Debug/Tipping.Tests.DLL" adapterTypeName="Microsoft.VisualStudio.TestTools.TestTypes.Unit.UnitTestAdapter, Microsoft.VisualStudio.QualityTools.Tips.UnitTest.Adapter, Version=10.0.0.0, Culture=neutral, PublicKeyToken=b03f5f7f11d50a3a" className="Tipping.Tests.Tipping.Domain.Tests.PoengBeregnerTester, Tipping.Tests, Version=1.0.0.0, Culture=neutral, PublicKeyToken=null" name="KampIkkeFerdigspiltSkalAlltidGiNullPoeng" />
    </UnitTest>
    <UnitTest name="Index" storage="d:\projects\tipping\tipping.tests\bin\debug\tipping.tests.dll" id="3413db79-93bf-7a28-664d-6da1ff034421">
      <Execution id="402873ec-5a91-4d21-93ee-e187a4070d6d" />
      <TestMethod codeBase="D:/projects/Tipping/Tipping.Tests/bin/Debug/Tipping.Tests.DLL" adapterTypeName="Microsoft.VisualStudio.TestTools.TestTypes.Unit.UnitTestAdapter, Microsoft.VisualStudio.QualityTools.Tips.UnitTest.Adapter, Version=10.0.0.0, Culture=neutral, PublicKeyToken=b03f5f7f11d50a3a" className="Tipping.Tests.Controllers.HomeControllerTest, Tipping.Tests, Version=1.0.0.0, Culture=neutral, PublicKeyToken=null" name="Index" />
    </UnitTest>
    <UnitTest name="EksaktRiktigTipsSkalGiFirePoeng" storage="d:\projects\tipping\tipping.tests\bin\debug\tipping.tests.dll" id="7c3d40ef-0a3d-bc0e-7415-c863b6cc761c">
      <Execution id="d968c59b-b15e-4db8-8615-bf6a644ee7f9" />
      <TestMethod codeBase="D:/projects/Tipping/Tipping.Tests/bin/Debug/Tipping.Tests.DLL" adapterTypeName="Microsoft.VisualStudio.TestTools.TestTypes.Unit.UnitTestAdapter, Microsoft.VisualStudio.QualityTools.Tips.UnitTest.Adapter, Version=10.0.0.0, Culture=neutral, PublicKeyToken=b03f5f7f11d50a3a" className="Tipping.Tests.Tipping.Domain.Tests.PoengBeregnerTester, Tipping.Tests, Version=1.0.0.0, Culture=neutral, PublicKeyToken=null" name="EksaktRiktigTipsSkalGiFirePoeng" />
    </UnitTest>
    <UnitTest name="KampConstructorFungererSomForventet" storage="d:\projects\tipping\tipping.tests\bin\debug\tipping.tests.dll" id="254f1257-3080-ed23-150f-9e6a5216b171">
      <Execution id="d13162ab-ec2f-4e24-92ea-fddee0f2583e" />
      <TestMethod codeBase="D:/projects/Tipping/Tipping.Tests/bin/Debug/Tipping.Tests.DLL" adapterTypeName="Microsoft.VisualStudio.TestTools.TestTypes.Unit.UnitTestAdapter, Microsoft.VisualStudio.QualityTools.Tips.UnitTest.Adapter, Version=10.0.0.0, Culture=neutral, PublicKeyToken=b03f5f7f11d50a3a" className="Tipping.Tests.Tipping.Domain.Tests.KampTester, Tipping.Tests, Version=1.0.0.0, Culture=neutral, PublicKeyToken=null" name="KampConstructorFungererSomForventet" />
    </UnitTest>
    <UnitTest name="RiktigUavgjortTippetegnMenFeilResultatSkalGiEttPoeng" storage="d:\projects\tipping\tipping.tests\bin\debug\tipping.tests.dll" id="6373b170-c5f8-84ae-cfe6-85ee62b6dfac">
      <Execution id="8b6c5681-0d0a-453a-a3b8-07aa84498d2c" />
      <TestMethod codeBase="D:/projects/Tipping/Tipping.Tests/bin/Debug/Tipping.Tests.DLL" adapterTypeName="Microsoft.VisualStudio.TestTools.TestTypes.Unit.UnitTestAdapter, Microsoft.VisualStudio.QualityTools.Tips.UnitTest.Adapter, Version=10.0.0.0, Culture=neutral, PublicKeyToken=b03f5f7f11d50a3a" className="Tipping.Tests.Tipping.Domain.Tests.PoengBeregnerTester, Tipping.Tests, Version=1.0.0.0, Culture=neutral, PublicKeyToken=null" name="RiktigUavgjortTippetegnMenFeilResultatSkalGiEttPoeng" />
    </UnitTest>
  </TestDefinitions>
  <TestLists>
    <TestList name="Results Not in a List" id="8c84fa94-04c1-424b-9868-57a2d4851a1d" />
    <TestList name="All Loaded Results" id="19431567-8539-422a-85d7-44ee4e166bda" />
  </TestLists>
  <TestEntries>
    <TestEntry testId="1e0a5c9f-db49-40fd-b0a7-83e6ac61f990" executionId="9935a632-58b8-404a-920b-69b415316eb7" testListId="8c84fa94-04c1-424b-9868-57a2d4851a1d" />
    <TestEntry testId="254f1257-3080-ed23-150f-9e6a5216b171" executionId="d13162ab-ec2f-4e24-92ea-fddee0f2583e" testListId="8c84fa94-04c1-424b-9868-57a2d4851a1d" />
    <TestEntry testId="3413db79-93bf-7a28-664d-6da1ff034421" executionId="402873ec-5a91-4d21-93ee-e187a4070d6d" testListId="8c84fa94-04c1-424b-9868-57a2d4851a1d" />
    <TestEntry testId="6373b170-c5f8-84ae-cfe6-85ee62b6dfac" executionId="8b6c5681-0d0a-453a-a3b8-07aa84498d2c" testListId="8c84fa94-04c1-424b-9868-57a2d4851a1d" />
    <TestEntry testId="6e29a2a4-8a59-9bef-2773-836da5906a7a" executionId="e13fb2f3-bda6-4599-a320-7d2222129989" testListId="8c84fa94-04c1-424b-9868-57a2d4851a1d" />
    <TestEntry testId="7c3d40ef-0a3d-bc0e-7415-c863b6cc761c" executionId="d968c59b-b15e-4db8-8615-bf6a644ee7f9" testListId="8c84fa94-04c1-424b-9868-57a2d4851a1d" />
    <TestEntry testId="9088ec97-5456-5b2c-c5c6-1f8040b776fc" executionId="94a54d97-cd32-43a1-997d-4ee89c135008" testListId="8c84fa94-04c1-424b-9868-57a2d4851a1d" />
    <TestEntry testId="e4eeb839-924a-d74f-e41f-8b2d7a7e451a" executionId="5ed9b75d-06f8-4b67-97be-7ed9bf456df2" testListId="8c84fa94-04c1-424b-9868-57a2d4851a1d" />
  </TestEntries>
  <Results>
    <UnitTestResult executionId="9935a632-58b8-404a-920b-69b415316eb7" testId="1e0a5c9f-db49-40fd-b0a7-83e6ac61f990" testName="About" computerName="BEKK-RASMUSB" duration="00:00:00.0535238" startTime="2012-05-12T13:33:12.7403647+02:00" endTime="2012-05-12T13:33:12.9713779+02:00" testType="13cdc9d9-ddb5-4fa4-a97d-d965ccfc6d4b" outcome="Passed" testListId="8c84fa94-04c1-424b-9868-57a2d4851a1d" relativeResultsDirectory="9935a632-58b8-404a-920b-69b415316eb7">
    </UnitTestResult>
    <UnitTestResult executionId="d13162ab-ec2f-4e24-92ea-fddee0f2583e" testId="254f1257-3080-ed23-150f-9e6a5216b171" testName="KampConstructorFungererSomForventet" computerName="BEKK-RASMUSB" duration="00:00:00.0233726" startTime="2012-05-12T13:33:12.9843787+02:00" endTime="2012-05-12T13:33:13.0113802+02:00" testType="13cdc9d9-ddb5-4fa4-a97d-d965ccfc6d4b" outcome="Passed" testListId="8c84fa94-04c1-424b-9868-57a2d4851a1d" relativeResultsDirectory="d13162ab-ec2f-4e24-92ea-fddee0f2583e">
    </UnitTestResult>
    <UnitTestResult executionId="402873ec-5a91-4d21-93ee-e187a4070d6d" testId="3413db79-93bf-7a28-664d-6da1ff034421" testName="Index" computerName="BEKK-RASMUSB" duration="00:00:00.0118298" startTime="2012-05-12T13:33:13.0143804+02:00" endTime="2012-05-12T13:33:13.0293812+02:00" testType="13cdc9d9-ddb5-4fa4-a97d-d965ccfc6d4b" outcome="Passed" testListId="8c84fa94-04c1-424b-9868-57a2d4851a1d" relativeResultsDirectory="402873ec-5a91-4d21-93ee-e187a4070d6d">
    </UnitTestResult>
    <UnitTestResult executionId="8b6c5681-0d0a-453a-a3b8-07aa84498d2c" testId="6373b170-c5f8-84ae-cfe6-85ee62b6dfac" testName="RiktigUavgjortTippetegnMenFeilResultatSkalGiEttPoeng" computerName="BEKK-RASMUSB" duration="00:00:00.0139511" startTime="2012-05-12T13:33:13.0323814+02:00" endTime="2012-05-12T13:33:13.0503824+02:00" testType="13cdc9d9-ddb5-4fa4-a97d-d965ccfc6d4b" outcome="Failed" testListId="8c84fa94-04c1-424b-9868-57a2d4851a1d" relativeResultsDirectory="8b6c5681-0d0a-453a-a3b8-07aa84498d2c">
      <Output>
        <ErrorInfo>
          <Message>Assert.AreEqual failed. Expected:&lt;1&gt;. Actual:&lt;0&gt;. </Message>
          <StackTrace>   at Tipping.Tests.Tipping.Domain.Tests.PoengBeregnerTester.RiktigUavgjortTippetegnMenFeilResultatSkalGiEttPoeng() in D:\projects\Tipping\Tipping.Tests\Tipping.Domain.Tests\PoengBeregnerTester.cs:line 98
</StackTrace>
        </ErrorInfo>
      </Output>
    </UnitTestResult>
    <UnitTestResult executionId="e13fb2f3-bda6-4599-a320-7d2222129989" testId="6e29a2a4-8a59-9bef-2773-836da5906a7a" testName="TipsIkkeLevertSkalAlltidGiNullPoeng" computerName="BEKK-RASMUSB" duration="00:00:00.0002599" startTime="2012-05-12T13:33:13.0613831+02:00" endTime="2012-05-12T13:33:13.0653833+02:00" testType="13cdc9d9-ddb5-4fa4-a97d-d965ccfc6d4b" outcome="Passed" testListId="8c84fa94-04c1-424b-9868-57a2d4851a1d" relativeResultsDirectory="e13fb2f3-bda6-4599-a320-7d2222129989">
    </UnitTestResult>
    <UnitTestResult executionId="d968c59b-b15e-4db8-8615-bf6a644ee7f9" testId="7c3d40ef-0a3d-bc0e-7415-c863b6cc761c" testName="EksaktRiktigTipsSkalGiFirePoeng" computerName="BEKK-RASMUSB" duration="00:00:00.0008443" startTime="2012-05-12T13:33:13.0673834+02:00" endTime="2012-05-12T13:33:13.0713836+02:00" testType="13cdc9d9-ddb5-4fa4-a97d-d965ccfc6d4b" outcome="Passed" testListId="8c84fa94-04c1-424b-9868-57a2d4851a1d" relativeResultsDirectory="d968c59b-b15e-4db8-8615-bf6a644ee7f9">
    </UnitTestResult>
    <UnitTestResult executionId="94a54d97-cd32-43a1-997d-4ee89c135008" testId="9088ec97-5456-5b2c-c5c6-1f8040b776fc" testName="Contact" computerName="BEKK-RASMUSB" duration="00:00:00.0017495" startTime="2012-05-12T13:33:13.0743838+02:00" endTime="2012-05-12T13:33:13.0793841+02:00" testType="13cdc9d9-ddb5-4fa4-a97d-d965ccfc6d4b" outcome="Passed" testListId="8c84fa94-04c1-424b-9868-57a2d4851a1d" relativeResultsDirectory="94a54d97-cd32-43a1-997d-4ee89c135008">
    </UnitTestResult>
    <UnitTestResult executionId="5ed9b75d-06f8-4b67-97be-7ed9bf456df2" testId="e4eeb839-924a-d74f-e41f-8b2d7a7e451a" testName="KampIkkeFerdigspiltSkalAlltidGiNullPoeng" computerName="BEKK-RASMUSB" duration="00:00:00.0002555" startTime="2012-05-12T13:33:13.0823843+02:00" endTime="2012-05-12T13:33:13.0863845+02:00" testType="13cdc9d9-ddb5-4fa4-a97d-d965ccfc6d4b" outcome="Passed" testListId="8c84fa94-04c1-424b-9868-57a2d4851a1d" relativeResultsDirectory="5ed9b75d-06f8-4b67-97be-7ed9bf456df2">
    </UnitTestResult>
  </Results>
</TestRun>