<?xml version="1.0" encoding="UTF-8"?>
<TestRun id="f8d57f26-8dae-40ee-bf5d-4554376aaca2" name="Rasmus Bauck@BEKK-RASMUSB 2012-05-12 13:44:02" runUser="BEKKNO\Rasmus Bauck" xmlns="http://microsoft.com/schemas/VisualStudio/TeamTest/2010">
  <TestSettings name="Default Test Settings" id="f38464cc-d9a3-4c25-bc3e-7a0f4e5f2602">
    <Deployment runDeploymentRoot="Rasmus Bauck_BEKK-RASMUSB 2012-05-12 13_44_02">
      <DeploymentItem filename="D:\projects\Tipping\Tipping.Domain\bin\Debug\Tipping.Domain.dll" />
      <DeploymentItem filename="D:\projects\Tipping\Tipping\bin\Tipping.dll" />
    </Deployment>
    <Execution>
      <TestTypeSpecific />
      <AgentRule name="Execution Agents">
      </AgentRule>
    </Execution>
  </TestSettings>
  <Times creation="2012-05-12T13:44:02.5645325+02:00" queuing="2012-05-12T13:44:03.1865681+02:00" start="2012-05-12T13:44:03.2765733+02:00" finish="2012-05-12T13:44:04.0336166+02:00" />
  <ResultSummary outcome="Completed">
    <Counters total="12" executed="12" passed="12" error="0" failed="0" timeout="0" aborted="0" inconclusive="0" passedButRunAborted="0" notRunnable="0" notExecuted="0" disconnected="0" warning="0" completed="0" inProgress="0" pending="0" />
  </ResultSummary>
  <TestDefinitions>
    <UnitTest name="About" storage="d:\projects\tipping\tipping.tests\bin\debug\tipping.tests.dll" id="1e0a5c9f-db49-40fd-b0a7-83e6ac61f990">
      <Execution id="2c0f9996-be06-4535-9375-d9297b3df4f1" />
      <TestMethod codeBase="D:/projects/Tipping/Tipping.Tests/bin/Debug/Tipping.Tests.DLL" adapterTypeName="Microsoft.VisualStudio.TestTools.TestTypes.Unit.UnitTestAdapter, Microsoft.VisualStudio.QualityTools.Tips.UnitTest.Adapter, Version=10.0.0.0, Culture=neutral, PublicKeyToken=b03f5f7f11d50a3a" className="Tipping.Tests.Controllers.HomeControllerTest, Tipping.Tests, Version=1.0.0.0, Culture=neutral, PublicKeyToken=null" name="About" />
    </UnitTest>
    <UnitTest name="TipsIkkeLevertSkalAlltidGiNullPoeng" storage="d:\projects\tipping\tipping.tests\bin\debug\tipping.tests.dll" id="6e29a2a4-8a59-9bef-2773-836da5906a7a">
      <Execution id="0e2fb665-0c04-4060-83fc-f391c3e28378" />
      <TestMethod codeBase="D:/projects/Tipping/Tipping.Tests/bin/Debug/Tipping.Tests.DLL" adapterTypeName="Microsoft.VisualStudio.TestTools.TestTypes.Unit.UnitTestAdapter, Microsoft.VisualStudio.QualityTools.Tips.UnitTest.Adapter, Version=10.0.0.0, Culture=neutral, PublicKeyToken=b03f5f7f11d50a3a" className="Tipping.Tests.Tipping.Domain.Tests.PoengBeregnerTester, Tipping.Tests, Version=1.0.0.0, Culture=neutral, PublicKeyToken=null" name="TipsIkkeLevertSkalAlltidGiNullPoeng" />
    </UnitTest>
    <UnitTest name="RiktigDifferanseMenFeilResultatSkalGiToPoeng" storage="d:\projects\tipping\tipping.tests\bin\debug\tipping.tests.dll" id="4d24e7fb-3034-e744-4f23-044e0ce9f167">
      <Execution id="f48b524c-50e0-4d69-8f2d-f9faf1d31481" />
      <TestMethod codeBase="D:/projects/Tipping/Tipping.Tests/bin/Debug/Tipping.Tests.DLL" adapterTypeName="Microsoft.VisualStudio.TestTools.TestTypes.Unit.UnitTestAdapter, Microsoft.VisualStudio.QualityTools.Tips.UnitTest.Adapter, Version=10.0.0.0, Culture=neutral, PublicKeyToken=b03f5f7f11d50a3a" className="Tipping.Tests.Tipping.Domain.Tests.PoengBeregnerTester, Tipping.Tests, Version=1.0.0.0, Culture=neutral, PublicKeyToken=null" name="RiktigDifferanseMenFeilResultatSkalGiToPoeng" />
    </UnitTest>
    <UnitTest name="KampIkkeFerdigspiltSkalAlltidGiNullPoeng" storage="d:\projects\tipping\tipping.tests\bin\debug\tipping.tests.dll" id="e4eeb839-924a-d74f-e41f-8b2d7a7e451a">
      <Execution id="7575704e-49c3-4051-8958-648f55fbff09" />
      <TestMethod codeBase="D:/projects/Tipping/Tipping.Tests/bin/Debug/Tipping.Tests.DLL" adapterTypeName="Microsoft.VisualStudio.TestTools.TestTypes.Unit.UnitTestAdapter, Microsoft.VisualStudio.QualityTools.Tips.UnitTest.Adapter, Version=10.0.0.0, Culture=neutral, PublicKeyToken=b03f5f7f11d50a3a" className="Tipping.Tests.Tipping.Domain.Tests.PoengBeregnerTester, Tipping.Tests, Version=1.0.0.0, Culture=neutral, PublicKeyToken=null" name="KampIkkeFerdigspiltSkalAlltidGiNullPoeng" />
    </UnitTest>
    <UnitTest name="RiktigTippeTegnMenFeilDifferanseSkalGiEttPoeng1" storage="d:\projects\tipping\tipping.tests\bin\debug\tipping.tests.dll" id="e62f2e76-1753-9ddf-158e-03ebd9e43993">
      <Execution id="2cafbe8b-5b47-4642-932a-69ff2bce9cdf" />
      <TestMethod codeBase="D:/projects/Tipping/Tipping.Tests/bin/Debug/Tipping.Tests.DLL" adapterTypeName="Microsoft.VisualStudio.TestTools.TestTypes.Unit.UnitTestAdapter, Microsoft.VisualStudio.QualityTools.Tips.UnitTest.Adapter, Version=10.0.0.0, Culture=neutral, PublicKeyToken=b03f5f7f11d50a3a" className="Tipping.Tests.Tipping.Domain.Tests.PoengBeregnerTester, Tipping.Tests, Version=1.0.0.0, Culture=neutral, PublicKeyToken=null" name="RiktigTippeTegnMenFeilDifferanseSkalGiEttPoeng1" />
    </UnitTest>
    <UnitTest name="Index" storage="d:\projects\tipping\tipping.tests\bin\debug\tipping.tests.dll" id="3413db79-93bf-7a28-664d-6da1ff034421">
      <Execution id="40af579e-de85-4376-b4e4-c5c75b4df543" />
      <TestMethod codeBase="D:/projects/Tipping/Tipping.Tests/bin/Debug/Tipping.Tests.DLL" adapterTypeName="Microsoft.VisualStudio.TestTools.TestTypes.Unit.UnitTestAdapter, Microsoft.VisualStudio.QualityTools.Tips.UnitTest.Adapter, Version=10.0.0.0, Culture=neutral, PublicKeyToken=b03f5f7f11d50a3a" className="Tipping.Tests.Controllers.HomeControllerTest, Tipping.Tests, Version=1.0.0.0, Culture=neutral, PublicKeyToken=null" name="Index" />
    </UnitTest>
    <UnitTest name="ForskjelligKampIDOgTipsKampIDSkalAlltidGiNullPoeng" storage="d:\projects\tipping\tipping.tests\bin\debug\tipping.tests.dll" id="729b28c2-6b32-264f-6e93-2282632eb610">
      <Execution id="1c171514-48e3-49e1-8a4a-1b212e1a281e" />
      <TestMethod codeBase="D:/projects/Tipping/Tipping.Tests/bin/Debug/Tipping.Tests.DLL" adapterTypeName="Microsoft.VisualStudio.TestTools.TestTypes.Unit.UnitTestAdapter, Microsoft.VisualStudio.QualityTools.Tips.UnitTest.Adapter, Version=10.0.0.0, Culture=neutral, PublicKeyToken=b03f5f7f11d50a3a" className="Tipping.Tests.Tipping.Domain.Tests.PoengBeregnerTester, Tipping.Tests, Version=1.0.0.0, Culture=neutral, PublicKeyToken=null" name="ForskjelligKampIDOgTipsKampIDSkalAlltidGiNullPoeng" />
    </UnitTest>
    <UnitTest name="EksaktRiktigTipsSkalGiFirePoeng" storage="d:\projects\tipping\tipping.tests\bin\debug\tipping.tests.dll" id="7c3d40ef-0a3d-bc0e-7415-c863b6cc761c">
      <Execution id="85b30ce0-3181-4195-a7eb-33364b6dd61f" />
      <TestMethod codeBase="D:/projects/Tipping/Tipping.Tests/bin/Debug/Tipping.Tests.DLL" adapterTypeName="Microsoft.VisualStudio.TestTools.TestTypes.Unit.UnitTestAdapter, Microsoft.VisualStudio.QualityTools.Tips.UnitTest.Adapter, Version=10.0.0.0, Culture=neutral, PublicKeyToken=b03f5f7f11d50a3a" className="Tipping.Tests.Tipping.Domain.Tests.PoengBeregnerTester, Tipping.Tests, Version=1.0.0.0, Culture=neutral, PublicKeyToken=null" name="EksaktRiktigTipsSkalGiFirePoeng" />
    </UnitTest>
    <UnitTest name="RiktigTippeTegnMenFeilDifferanseSkalGiEttPoeng2" storage="d:\projects\tipping\tipping.tests\bin\debug\tipping.tests.dll" id="3bf4350e-2ee8-deae-9d00-7ed965f2e68a">
      <Execution id="4bb90c67-3cba-4bd5-8646-10d2da93786a" />
      <TestMethod codeBase="D:/projects/Tipping/Tipping.Tests/bin/Debug/Tipping.Tests.DLL" adapterTypeName="Microsoft.VisualStudio.TestTools.TestTypes.Unit.UnitTestAdapter, Microsoft.VisualStudio.QualityTools.Tips.UnitTest.Adapter, Version=10.0.0.0, Culture=neutral, PublicKeyToken=b03f5f7f11d50a3a" className="Tipping.Tests.Tipping.Domain.Tests.PoengBeregnerTester, Tipping.Tests, Version=1.0.0.0, Culture=neutral, PublicKeyToken=null" name="RiktigTippeTegnMenFeilDifferanseSkalGiEttPoeng2" />
    </UnitTest>
    <UnitTest name="Contact" storage="d:\projects\tipping\tipping.tests\bin\debug\tipping.tests.dll" id="9088ec97-5456-5b2c-c5c6-1f8040b776fc">
      <Execution id="f2749e58-885a-4f73-ac8d-65f52576fd49" />
      <TestMethod codeBase="D:/projects/Tipping/Tipping.Tests/bin/Debug/Tipping.Tests.DLL" adapterTypeName="Microsoft.VisualStudio.TestTools.TestTypes.Unit.UnitTestAdapter, Microsoft.VisualStudio.QualityTools.Tips.UnitTest.Adapter, Version=10.0.0.0, Culture=neutral, PublicKeyToken=b03f5f7f11d50a3a" className="Tipping.Tests.Controllers.HomeControllerTest, Tipping.Tests, Version=1.0.0.0, Culture=neutral, PublicKeyToken=null" name="Contact" />
    </UnitTest>
    <UnitTest name="KampConstructorFungererSomForventet" storage="d:\projects\tipping\tipping.tests\bin\debug\tipping.tests.dll" id="254f1257-3080-ed23-150f-9e6a5216b171">
      <Execution id="07ee53e4-e04d-4996-aeff-825cd5b9bcbc" />
      <TestMethod codeBase="D:/projects/Tipping/Tipping.Tests/bin/Debug/Tipping.Tests.DLL" adapterTypeName="Microsoft.VisualStudio.TestTools.TestTypes.Unit.UnitTestAdapter, Microsoft.VisualStudio.QualityTools.Tips.UnitTest.Adapter, Version=10.0.0.0, Culture=neutral, PublicKeyToken=b03f5f7f11d50a3a" className="Tipping.Tests.Tipping.Domain.Tests.KampTester, Tipping.Tests, Version=1.0.0.0, Culture=neutral, PublicKeyToken=null" name="KampConstructorFungererSomForventet" />
    </UnitTest>
    <UnitTest name="RiktigUavgjortTippetegnMenFeilResultatSkalGiEttPoeng" storage="d:\projects\tipping\tipping.tests\bin\debug\tipping.tests.dll" id="6373b170-c5f8-84ae-cfe6-85ee62b6dfac">
      <Execution id="d06d4439-ab19-4ecd-b2f1-deec14213a9e" />
      <TestMethod codeBase="D:/projects/Tipping/Tipping.Tests/bin/Debug/Tipping.Tests.DLL" adapterTypeName="Microsoft.VisualStudio.TestTools.TestTypes.Unit.UnitTestAdapter, Microsoft.VisualStudio.QualityTools.Tips.UnitTest.Adapter, Version=10.0.0.0, Culture=neutral, PublicKeyToken=b03f5f7f11d50a3a" className="Tipping.Tests.Tipping.Domain.Tests.PoengBeregnerTester, Tipping.Tests, Version=1.0.0.0, Culture=neutral, PublicKeyToken=null" name="RiktigUavgjortTippetegnMenFeilResultatSkalGiEttPoeng" />
    </UnitTest>
  </TestDefinitions>
  <TestLists>
    <TestList name="Results Not in a List" id="8c84fa94-04c1-424b-9868-57a2d4851a1d" />
    <TestList name="All Loaded Results" id="19431567-8539-422a-85d7-44ee4e166bda" />
  </TestLists>
  <TestEntries>
    <TestEntry testId="1e0a5c9f-db49-40fd-b0a7-83e6ac61f990" executionId="2c0f9996-be06-4535-9375-d9297b3df4f1" testListId="8c84fa94-04c1-424b-9868-57a2d4851a1d" />
    <TestEntry testId="254f1257-3080-ed23-150f-9e6a5216b171" executionId="07ee53e4-e04d-4996-aeff-825cd5b9bcbc" testListId="8c84fa94-04c1-424b-9868-57a2d4851a1d" />
    <TestEntry testId="3413db79-93bf-7a28-664d-6da1ff034421" executionId="40af579e-de85-4376-b4e4-c5c75b4df543" testListId="8c84fa94-04c1-424b-9868-57a2d4851a1d" />
    <TestEntry testId="3bf4350e-2ee8-deae-9d00-7ed965f2e68a" executionId="4bb90c67-3cba-4bd5-8646-10d2da93786a" testListId="8c84fa94-04c1-424b-9868-57a2d4851a1d" />
    <TestEntry testId="4d24e7fb-3034-e744-4f23-044e0ce9f167" executionId="f48b524c-50e0-4d69-8f2d-f9faf1d31481" testListId="8c84fa94-04c1-424b-9868-57a2d4851a1d" />
    <TestEntry testId="6373b170-c5f8-84ae-cfe6-85ee62b6dfac" executionId="d06d4439-ab19-4ecd-b2f1-deec14213a9e" testListId="8c84fa94-04c1-424b-9868-57a2d4851a1d" />
    <TestEntry testId="6e29a2a4-8a59-9bef-2773-836da5906a7a" executionId="0e2fb665-0c04-4060-83fc-f391c3e28378" testListId="8c84fa94-04c1-424b-9868-57a2d4851a1d" />
    <TestEntry testId="729b28c2-6b32-264f-6e93-2282632eb610" executionId="1c171514-48e3-49e1-8a4a-1b212e1a281e" testListId="8c84fa94-04c1-424b-9868-57a2d4851a1d" />
    <TestEntry testId="7c3d40ef-0a3d-bc0e-7415-c863b6cc761c" executionId="85b30ce0-3181-4195-a7eb-33364b6dd61f" testListId="8c84fa94-04c1-424b-9868-57a2d4851a1d" />
    <TestEntry testId="9088ec97-5456-5b2c-c5c6-1f8040b776fc" executionId="f2749e58-885a-4f73-ac8d-65f52576fd49" testListId="8c84fa94-04c1-424b-9868-57a2d4851a1d" />
    <TestEntry testId="e4eeb839-924a-d74f-e41f-8b2d7a7e451a" executionId="7575704e-49c3-4051-8958-648f55fbff09" testListId="8c84fa94-04c1-424b-9868-57a2d4851a1d" />
    <TestEntry testId="e62f2e76-1753-9ddf-158e-03ebd9e43993" executionId="2cafbe8b-5b47-4642-932a-69ff2bce9cdf" testListId="8c84fa94-04c1-424b-9868-57a2d4851a1d" />
  </TestEntries>
  <Results>
    <UnitTestResult executionId="2c0f9996-be06-4535-9375-d9297b3df4f1" testId="1e0a5c9f-db49-40fd-b0a7-83e6ac61f990" testName="About" computerName="BEKK-RASMUSB" duration="00:00:00.0428913" startTime="2012-05-12T13:44:03.3785791+02:00" endTime="2012-05-12T13:44:03.7946029+02:00" testType="13cdc9d9-ddb5-4fa4-a97d-d965ccfc6d4b" outcome="Passed" testListId="8c84fa94-04c1-424b-9868-57a2d4851a1d" relativeResultsDirectory="2c0f9996-be06-4535-9375-d9297b3df4f1">
    </UnitTestResult>
    <UnitTestResult executionId="07ee53e4-e04d-4996-aeff-825cd5b9bcbc" testId="254f1257-3080-ed23-150f-9e6a5216b171" testName="KampConstructorFungererSomForventet" computerName="BEKK-RASMUSB" duration="00:00:00.0028677" startTime="2012-05-12T13:44:03.7976031+02:00" endTime="2012-05-12T13:44:03.8046035+02:00" testType="13cdc9d9-ddb5-4fa4-a97d-d965ccfc6d4b" outcome="Passed" testListId="8c84fa94-04c1-424b-9868-57a2d4851a1d" relativeResultsDirectory="07ee53e4-e04d-4996-aeff-825cd5b9bcbc">
    </UnitTestResult>
    <UnitTestResult executionId="40af579e-de85-4376-b4e4-c5c75b4df543" testId="3413db79-93bf-7a28-664d-6da1ff034421" testName="Index" computerName="BEKK-RASMUSB" duration="00:00:00.0129807" startTime="2012-05-12T13:44:03.8056035+02:00" endTime="2012-05-12T13:44:03.8226045+02:00" testType="13cdc9d9-ddb5-4fa4-a97d-d965ccfc6d4b" outcome="Passed" testListId="8c84fa94-04c1-424b-9868-57a2d4851a1d" relativeResultsDirectory="40af579e-de85-4376-b4e4-c5c75b4df543">
    </UnitTestResult>
    <UnitTestResult executionId="4bb90c67-3cba-4bd5-8646-10d2da93786a" testId="3bf4350e-2ee8-deae-9d00-7ed965f2e68a" testName="RiktigTippeTegnMenFeilDifferanseSkalGiEttPoeng2" computerName="BEKK-RASMUSB" duration="00:00:00.0026587" startTime="2012-05-12T13:44:03.8236045+02:00" endTime="2012-05-12T13:44:03.8286048+02:00" testType="13cdc9d9-ddb5-4fa4-a97d-d965ccfc6d4b" outcome="Passed" testListId="8c84fa94-04c1-424b-9868-57a2d4851a1d" relativeResultsDirectory="4bb90c67-3cba-4bd5-8646-10d2da93786a">
    </UnitTestResult>
    <UnitTestResult executionId="f48b524c-50e0-4d69-8f2d-f9faf1d31481" testId="4d24e7fb-3034-e744-4f23-044e0ce9f167" testName="RiktigDifferanseMenFeilResultatSkalGiToPoeng" computerName="BEKK-RASMUSB" duration="00:00:00.0010544" startTime="2012-05-12T13:44:03.8316050+02:00" endTime="2012-05-12T13:44:03.8356052+02:00" testType="13cdc9d9-ddb5-4fa4-a97d-d965ccfc6d4b" outcome="Passed" testListId="8c84fa94-04c1-424b-9868-57a2d4851a1d" relativeResultsDirectory="f48b524c-50e0-4d69-8f2d-f9faf1d31481">
    </UnitTestResult>
    <UnitTestResult executionId="d06d4439-ab19-4ecd-b2f1-deec14213a9e" testId="6373b170-c5f8-84ae-cfe6-85ee62b6dfac" testName="RiktigUavgjortTippetegnMenFeilResultatSkalGiEttPoeng" computerName="BEKK-RASMUSB" duration="00:00:00.0002262" startTime="2012-05-12T13:44:03.8366053+02:00" endTime="2012-05-12T13:44:03.8396055+02:00" testType="13cdc9d9-ddb5-4fa4-a97d-d965ccfc6d4b" outcome="Passed" testListId="8c84fa94-04c1-424b-9868-57a2d4851a1d" relativeResultsDirectory="d06d4439-ab19-4ecd-b2f1-deec14213a9e">
    </UnitTestResult>
    <UnitTestResult executionId="0e2fb665-0c04-4060-83fc-f391c3e28378" testId="6e29a2a4-8a59-9bef-2773-836da5906a7a" testName="TipsIkkeLevertSkalAlltidGiNullPoeng" computerName="BEKK-RASMUSB" duration="00:00:00.0043485" startTime="2012-05-12T13:44:03.8436057+02:00" endTime="2012-05-12T13:44:03.8506061+02:00" testType="13cdc9d9-ddb5-4fa4-a97d-d965ccfc6d4b" outcome="Passed" testListId="8c84fa94-04c1-424b-9868-57a2d4851a1d" relativeResultsDirectory="0e2fb665-0c04-4060-83fc-f391c3e28378">
    </UnitTestResult>
    <UnitTestResult executionId="1c171514-48e3-49e1-8a4a-1b212e1a281e" testId="729b28c2-6b32-264f-6e93-2282632eb610" testName="ForskjelligKampIDOgTipsKampIDSkalAlltidGiNullPoeng" computerName="BEKK-RASMUSB" duration="00:00:00.0002529" startTime="2012-05-12T13:44:03.8646069+02:00" endTime="2012-05-12T13:44:03.8686071+02:00" testType="13cdc9d9-ddb5-4fa4-a97d-d965ccfc6d4b" outcome="Passed" testListId="8c84fa94-04c1-424b-9868-57a2d4851a1d" relativeResultsDirectory="1c171514-48e3-49e1-8a4a-1b212e1a281e">
    </UnitTestResult>
    <UnitTestResult executionId="85b30ce0-3181-4195-a7eb-33364b6dd61f" testId="7c3d40ef-0a3d-bc0e-7415-c863b6cc761c" testName="EksaktRiktigTipsSkalGiFirePoeng" computerName="BEKK-RASMUSB" duration="00:00:00.0002445" startTime="2012-05-12T13:44:03.8726074+02:00" endTime="2012-05-12T13:44:03.8766076+02:00" testType="13cdc9d9-ddb5-4fa4-a97d-d965ccfc6d4b" outcome="Passed" testListId="8c84fa94-04c1-424b-9868-57a2d4851a1d" relativeResultsDirectory="85b30ce0-3181-4195-a7eb-33364b6dd61f">
    </UnitTestResult>
    <UnitTestResult executionId="f2749e58-885a-4f73-ac8d-65f52576fd49" testId="9088ec97-5456-5b2c-c5c6-1f8040b776fc" testName="Contact" computerName="BEKK-RASMUSB" duration="00:00:00.0017561" startTime="2012-05-12T13:44:03.8786077+02:00" endTime="2012-05-12T13:44:03.9116096+02:00" testType="13cdc9d9-ddb5-4fa4-a97d-d965ccfc6d4b" outcome="Passed" testListId="8c84fa94-04c1-424b-9868-57a2d4851a1d" relativeResultsDirectory="f2749e58-885a-4f73-ac8d-65f52576fd49">
    </UnitTestResult>
    <UnitTestResult executionId="7575704e-49c3-4051-8958-648f55fbff09" testId="e4eeb839-924a-d74f-e41f-8b2d7a7e451a" testName="KampIkkeFerdigspiltSkalAlltidGiNullPoeng" computerName="BEKK-RASMUSB" duration="00:00:00.0042183" startTime="2012-05-12T13:44:03.9196100+02:00" endTime="2012-05-12T13:44:03.9456115+02:00" testType="13cdc9d9-ddb5-4fa4-a97d-d965ccfc6d4b" outcome="Passed" testListId="8c84fa94-04c1-424b-9868-57a2d4851a1d" relativeResultsDirectory="7575704e-49c3-4051-8958-648f55fbff09">
    </UnitTestResult>
    <UnitTestResult executionId="2cafbe8b-5b47-4642-932a-69ff2bce9cdf" testId="e62f2e76-1753-9ddf-158e-03ebd9e43993" testName="RiktigTippeTegnMenFeilDifferanseSkalGiEttPoeng1" computerName="BEKK-RASMUSB" duration="00:00:00.0002551" startTime="2012-05-12T13:44:03.9476116+02:00" endTime="2012-05-12T13:44:03.9656127+02:00" testType="13cdc9d9-ddb5-4fa4-a97d-d965ccfc6d4b" outcome="Passed" testListId="8c84fa94-04c1-424b-9868-57a2d4851a1d" relativeResultsDirectory="2cafbe8b-5b47-4642-932a-69ff2bce9cdf">
    </UnitTestResult>
  </Results>
</TestRun>